>>> add_integer = __import__('0-add_integer').add_integer
>>> import sys
>>> add_integer(10.4, 59.2)
69
>>> add_integer(-10.4)
88
>>> add_integer()
Traceback (most recent call last):
...
TypeError: add_integer() missing 1 required positional argument: 'a'
>>> add_integer("a", 59.2)
Traceback (most recent call last):
...
TypeError: a must be an integer
>>> add_integer(10.4, "a")
Traceback (most recent call last):
...
TypeError: b must be an integer
>>> add_integer(sys.float_info.max * 10, sys.float_info.max)
Traceback (most recent call last):
...
OverflowError: cannot convert float infinity to integer
>>> add_integer(float("NaN"), "a")
Traceback (most recent call last):
...
ValueError: cannot convert float NaN to integer
